Archive member included because of file (symbol)

c:/freescale/kds_3.0.0/toolchain/bin/../lib/gcc/arm-none-eabi/4.8.4/../../../../arm-none-eabi/lib/armv7e-m\libg_s.a(lib_a-exit.o)
                              c:/freescale/kds_3.0.0/toolchain/bin/../lib/gcc/arm-none-eabi/4.8.4/../../../../arm-none-eabi/lib/armv7e-m/crt0.o (exit)
c:/freescale/kds_3.0.0/toolchain/bin/../lib/gcc/arm-none-eabi/4.8.4/../../../../arm-none-eabi/lib/armv7e-m\libg_s.a(lib_a-impure.o)
                              c:/freescale/kds_3.0.0/toolchain/bin/../lib/gcc/arm-none-eabi/4.8.4/../../../../arm-none-eabi/lib/armv7e-m\libg_s.a(lib_a-exit.o) (_global_impure_ptr)
c:/freescale/kds_3.0.0/toolchain/bin/../lib/gcc/arm-none-eabi/4.8.4/../../../../arm-none-eabi/lib/armv7e-m\libg_s.a(lib_a-init.o)
                              c:/freescale/kds_3.0.0/toolchain/bin/../lib/gcc/arm-none-eabi/4.8.4/../../../../arm-none-eabi/lib/armv7e-m/crt0.o (__libc_init_array)
c:/freescale/kds_3.0.0/toolchain/bin/../lib/gcc/arm-none-eabi/4.8.4/../../../../arm-none-eabi/lib/armv7e-m\libg_s.a(lib_a-memset.o)
                              c:/freescale/kds_3.0.0/toolchain/bin/../lib/gcc/arm-none-eabi/4.8.4/../../../../arm-none-eabi/lib/armv7e-m/crt0.o (memset)
c:/freescale/kds_3.0.0/toolchain/bin/../lib/gcc/arm-none-eabi/4.8.4/../../../../arm-none-eabi/lib/armv7e-m\libnosys.a(_exit.o)
                              c:/freescale/kds_3.0.0/toolchain/bin/../lib/gcc/arm-none-eabi/4.8.4/../../../../arm-none-eabi/lib/armv7e-m\libg_s.a(lib_a-exit.o) (_exit)

Discarded input sections

 .text          0x00000000        0x0 c:/freescale/kds_3.0.0/toolchain/bin/../lib/gcc/arm-none-eabi/4.8.4/armv7e-m/crti.o
 .data          0x00000000        0x0 c:/freescale/kds_3.0.0/toolchain/bin/../lib/gcc/arm-none-eabi/4.8.4/armv7e-m/crti.o
 .bss           0x00000000        0x0 c:/freescale/kds_3.0.0/toolchain/bin/../lib/gcc/arm-none-eabi/4.8.4/armv7e-m/crti.o
 .data          0x00000000        0x4 c:/freescale/kds_3.0.0/toolchain/bin/../lib/gcc/arm-none-eabi/4.8.4/armv7e-m/crtbegin.o
 .data          0x00000000        0x0 c:/freescale/kds_3.0.0/toolchain/bin/../lib/gcc/arm-none-eabi/4.8.4/../../../../arm-none-eabi/lib/armv7e-m/crt0.o
 .bss           0x00000000        0x0 c:/freescale/kds_3.0.0/toolchain/bin/../lib/gcc/arm-none-eabi/4.8.4/../../../../arm-none-eabi/lib/armv7e-m/crt0.o
 .ARM.extab     0x00000000        0x0 c:/freescale/kds_3.0.0/toolchain/bin/../lib/gcc/arm-none-eabi/4.8.4/../../../../arm-none-eabi/lib/armv7e-m/crt0.o
 .group         0x00000000        0x8 ./Sources/main.o
 .group         0x00000000        0x8 ./Sources/main.o
 .group         0x00000000        0x8 ./Sources/main.o
 .group         0x00000000        0x8 ./Sources/main.o
 .group         0x00000000        0x8 ./Sources/main.o
 .group         0x00000000        0x8 ./Sources/main.o
 .group         0x00000000        0x8 ./Sources/main.o
 .group         0x00000000        0x8 ./Sources/main.o
 .group         0x00000000        0x8 ./Sources/main.o
 .group         0x00000000        0x8 ./Sources/main.o
 .group         0x00000000        0x8 ./Sources/main.o
 .group         0x00000000        0x8 ./Sources/main.o
 .text          0x00000000        0x0 ./Sources/main.o
 .data          0x00000000        0x0 ./Sources/main.o
 .bss           0x00000000        0x0 ./Sources/main.o
 .text.letter_K3
                0x00000000       0xfc ./Sources/main.o
 .data          0x00000000        0x0 ./Project_Settings/Startup_Code/startup_MK60DZ10.o
 .bss           0x00000000        0x0 ./Project_Settings/Startup_Code/startup_MK60DZ10.o
 .group         0x00000000        0x8 ./Project_Settings/Startup_Code/system_MK60DZ10.o
 .group         0x00000000        0x8 ./Project_Settings/Startup_Code/system_MK60DZ10.o
 .group         0x00000000        0x8 ./Project_Settings/Startup_Code/system_MK60DZ10.o
 .group         0x00000000        0x8 ./Project_Settings/Startup_Code/system_MK60DZ10.o
 .group         0x00000000        0x8 ./Project_Settings/Startup_Code/system_MK60DZ10.o
 .group         0x00000000        0x8 ./Project_Settings/Startup_Code/system_MK60DZ10.o
 .group         0x00000000        0x8 ./Project_Settings/Startup_Code/system_MK60DZ10.o
 .group         0x00000000        0x8 ./Project_Settings/Startup_Code/system_MK60DZ10.o
 .group         0x00000000        0x8 ./Project_Settings/Startup_Code/system_MK60DZ10.o
 .group         0x00000000        0x8 ./Project_Settings/Startup_Code/system_MK60DZ10.o
 .text          0x00000000        0x0 ./Project_Settings/Startup_Code/system_MK60DZ10.o
 .data          0x00000000        0x0 ./Project_Settings/Startup_Code/system_MK60DZ10.o
 .bss           0x00000000        0x0 ./Project_Settings/Startup_Code/system_MK60DZ10.o
 .data.SystemCoreClock
                0x00000000        0x4 ./Project_Settings/Startup_Code/system_MK60DZ10.o
 .text.SystemCoreClockUpdate
                0x00000000      0x1fc ./Project_Settings/Startup_Code/system_MK60DZ10.o
 .debug_macro   0x00000000      0x84a ./Project_Settings/Startup_Code/system_MK60DZ10.o
 .debug_macro   0x00000000       0x16 ./Project_Settings/Startup_Code/system_MK60DZ10.o
 .debug_macro   0x00000000       0x44 ./Project_Settings/Startup_Code/system_MK60DZ10.o
 .debug_macro   0x00000000      0x209 ./Project_Settings/Startup_Code/system_MK60DZ10.o
 .debug_macro   0x00000000       0x3b ./Project_Settings/Startup_Code/system_MK60DZ10.o
 .debug_macro   0x00000000       0x2d ./Project_Settings/Startup_Code/system_MK60DZ10.o
 .debug_macro   0x00000000       0x26 ./Project_Settings/Startup_Code/system_MK60DZ10.o
 .debug_macro   0x00000000      0xa99 ./Project_Settings/Startup_Code/system_MK60DZ10.o
 .text          0x00000000        0x0 c:/freescale/kds_3.0.0/toolchain/bin/../lib/gcc/arm-none-eabi/4.8.4/../../../../arm-none-eabi/lib/armv7e-m\libg_s.a(lib_a-exit.o)
 .data          0x00000000        0x0 c:/freescale/kds_3.0.0/toolchain/bin/../lib/gcc/arm-none-eabi/4.8.4/../../../../arm-none-eabi/lib/armv7e-m\libg_s.a(lib_a-exit.o)
 .bss           0x00000000        0x0 c:/freescale/kds_3.0.0/toolchain/bin/../lib/gcc/arm-none-eabi/4.8.4/../../../../arm-none-eabi/lib/armv7e-m\libg_s.a(lib_a-exit.o)
 .text          0x00000000        0x0 c:/freescale/kds_3.0.0/toolchain/bin/../lib/gcc/arm-none-eabi/4.8.4/../../../../arm-none-eabi/lib/armv7e-m\libg_s.a(lib_a-impure.o)
 .data          0x00000000        0x0 c:/freescale/kds_3.0.0/toolchain/bin/../lib/gcc/arm-none-eabi/4.8.4/../../../../arm-none-eabi/lib/armv7e-m\libg_s.a(lib_a-impure.o)
 .bss           0x00000000        0x0 c:/freescale/kds_3.0.0/toolchain/bin/../lib/gcc/arm-none-eabi/4.8.4/../../../../arm-none-eabi/lib/armv7e-m\libg_s.a(lib_a-impure.o)
 .data._impure_ptr
                0x00000000        0x4 c:/freescale/kds_3.0.0/toolchain/bin/../lib/gcc/arm-none-eabi/4.8.4/../../../../arm-none-eabi/lib/armv7e-m\libg_s.a(lib_a-impure.o)
 .text          0x00000000        0x0 c:/freescale/kds_3.0.0/toolchain/bin/../lib/gcc/arm-none-eabi/4.8.4/../../../../arm-none-eabi/lib/armv7e-m\libg_s.a(lib_a-init.o)
 .data          0x00000000        0x0 c:/freescale/kds_3.0.0/toolchain/bin/../lib/gcc/arm-none-eabi/4.8.4/../../../../arm-none-eabi/lib/armv7e-m\libg_s.a(lib_a-init.o)
 .bss           0x00000000        0x0 c:/freescale/kds_3.0.0/toolchain/bin/../lib/gcc/arm-none-eabi/4.8.4/../../../../arm-none-eabi/lib/armv7e-m\libg_s.a(lib_a-init.o)
 .text          0x00000000        0x0 c:/freescale/kds_3.0.0/toolchain/bin/../lib/gcc/arm-none-eabi/4.8.4/../../../../arm-none-eabi/lib/armv7e-m\libg_s.a(lib_a-memset.o)
 .data          0x00000000        0x0 c:/freescale/kds_3.0.0/toolchain/bin/../lib/gcc/arm-none-eabi/4.8.4/../../../../arm-none-eabi/lib/armv7e-m\libg_s.a(lib_a-memset.o)
 .bss           0x00000000        0x0 c:/freescale/kds_3.0.0/toolchain/bin/../lib/gcc/arm-none-eabi/4.8.4/../../../../arm-none-eabi/lib/armv7e-m\libg_s.a(lib_a-memset.o)
 .text          0x00000000        0x0 c:/freescale/kds_3.0.0/toolchain/bin/../lib/gcc/arm-none-eabi/4.8.4/../../../../arm-none-eabi/lib/armv7e-m\libnosys.a(_exit.o)
 .data          0x00000000        0x0 c:/freescale/kds_3.0.0/toolchain/bin/../lib/gcc/arm-none-eabi/4.8.4/../../../../arm-none-eabi/lib/armv7e-m\libnosys.a(_exit.o)
 .bss           0x00000000        0x0 c:/freescale/kds_3.0.0/toolchain/bin/../lib/gcc/arm-none-eabi/4.8.4/../../../../arm-none-eabi/lib/armv7e-m\libnosys.a(_exit.o)
 .text          0x00000000        0x0 c:/freescale/kds_3.0.0/toolchain/bin/../lib/gcc/arm-none-eabi/4.8.4/armv7e-m/crtend.o
 .data          0x00000000        0x0 c:/freescale/kds_3.0.0/toolchain/bin/../lib/gcc/arm-none-eabi/4.8.4/armv7e-m/crtend.o
 .bss           0x00000000        0x0 c:/freescale/kds_3.0.0/toolchain/bin/../lib/gcc/arm-none-eabi/4.8.4/armv7e-m/crtend.o
 .eh_frame      0x00000000        0x4 c:/freescale/kds_3.0.0/toolchain/bin/../lib/gcc/arm-none-eabi/4.8.4/armv7e-m/crtend.o
 .text          0x00000000        0x0 c:/freescale/kds_3.0.0/toolchain/bin/../lib/gcc/arm-none-eabi/4.8.4/armv7e-m/crtn.o
 .data          0x00000000        0x0 c:/freescale/kds_3.0.0/toolchain/bin/../lib/gcc/arm-none-eabi/4.8.4/armv7e-m/crtn.o
 .bss           0x00000000        0x0 c:/freescale/kds_3.0.0/toolchain/bin/../lib/gcc/arm-none-eabi/4.8.4/armv7e-m/crtn.o

Memory Configuration

Name             Origin             Length             Attributes
m_interrupts     0x00000000         0x00000400         xr
m_flash_config   0x00000400         0x00000010         xr
m_text           0x00000410         0x0007fbf0         xr
m_data           0x20000000         0x00010000         rw
m_data_1FFF0000  0x1fff0000         0x00010000         rw
*default*        0x00000000         0xffffffff

Linker script and memory map

LOAD c:/freescale/kds_3.0.0/toolchain/bin/../lib/gcc/arm-none-eabi/4.8.4/armv7e-m/crti.o
LOAD c:/freescale/kds_3.0.0/toolchain/bin/../lib/gcc/arm-none-eabi/4.8.4/armv7e-m/crtbegin.o
LOAD c:/freescale/kds_3.0.0/toolchain/bin/../lib/gcc/arm-none-eabi/4.8.4/../../../../arm-none-eabi/lib/armv7e-m/crt0.o
LOAD ./Sources/main.o
LOAD ./Project_Settings/Startup_Code/startup_MK60DZ10.o
LOAD ./Project_Settings/Startup_Code/system_MK60DZ10.o
LOAD c:/freescale/kds_3.0.0/toolchain/bin/../lib/gcc/arm-none-eabi/4.8.4/../../../../arm-none-eabi/lib/armv7e-m\libstdc++_s.a
LOAD c:/freescale/kds_3.0.0/toolchain/bin/../lib/gcc/arm-none-eabi/4.8.4/../../../../arm-none-eabi/lib/armv7e-m\libm.a
START GROUP
LOAD c:/freescale/kds_3.0.0/toolchain/bin/../lib/gcc/arm-none-eabi/4.8.4/armv7e-m\libgcc.a
LOAD c:/freescale/kds_3.0.0/toolchain/bin/../lib/gcc/arm-none-eabi/4.8.4/../../../../arm-none-eabi/lib/armv7e-m\libg_s.a
LOAD c:/freescale/kds_3.0.0/toolchain/bin/../lib/gcc/arm-none-eabi/4.8.4/../../../../arm-none-eabi/lib/armv7e-m\libc_s.a
END GROUP
START GROUP
LOAD c:/freescale/kds_3.0.0/toolchain/bin/../lib/gcc/arm-none-eabi/4.8.4/armv7e-m\libgcc.a
LOAD c:/freescale/kds_3.0.0/toolchain/bin/../lib/gcc/arm-none-eabi/4.8.4/../../../../arm-none-eabi/lib/armv7e-m\libc_s.a
LOAD c:/freescale/kds_3.0.0/toolchain/bin/../lib/gcc/arm-none-eabi/4.8.4/../../../../arm-none-eabi/lib/armv7e-m\libnosys.a
END GROUP
START GROUP
LOAD c:/freescale/kds_3.0.0/toolchain/bin/../lib/gcc/arm-none-eabi/4.8.4/armv7e-m\libgcc.a
LOAD c:/freescale/kds_3.0.0/toolchain/bin/../lib/gcc/arm-none-eabi/4.8.4/../../../../arm-none-eabi/lib/armv7e-m\libc_s.a
LOAD c:/freescale/kds_3.0.0/toolchain/bin/../lib/gcc/arm-none-eabi/4.8.4/../../../../arm-none-eabi/lib/armv7e-m\libnosys.a
END GROUP
LOAD c:/freescale/kds_3.0.0/toolchain/bin/../lib/gcc/arm-none-eabi/4.8.4/armv7e-m/crtend.o
LOAD c:/freescale/kds_3.0.0/toolchain/bin/../lib/gcc/arm-none-eabi/4.8.4/armv7e-m/crtn.o
                0x00000400                HEAP_SIZE = DEFINED (__heap_size__)?__heap_size__:0x400
                0x00000400                STACK_SIZE = DEFINED (__stack_size__)?__stack_size__:0x400

.interrupts     0x00000000      0x400
                0x00000000                __VECTOR_TABLE = .
                0x00000000                . = ALIGN (0x4)
 *(.isr_vector)
 .isr_vector    0x00000000      0x400 ./Project_Settings/Startup_Code/startup_MK60DZ10.o
                0x00000000                __isr_vector
                0x00000400                . = ALIGN (0x4)

.flash_config   0x00000400       0x10
                0x00000400                . = ALIGN (0x4)
 *(.FlashConfig)
 .FlashConfig   0x00000400       0x10 ./Project_Settings/Startup_Code/startup_MK60DZ10.o
                0x00000410                . = ALIGN (0x4)

.text           0x00000410     0x1998
                0x00000410                . = ALIGN (0x4)
 *(.text)
 .text          0x00000410       0x54 c:/freescale/kds_3.0.0/toolchain/bin/../lib/gcc/arm-none-eabi/4.8.4/armv7e-m/crtbegin.o
 .text          0x00000464       0x74 c:/freescale/kds_3.0.0/toolchain/bin/../lib/gcc/arm-none-eabi/4.8.4/../../../../arm-none-eabi/lib/armv7e-m/crt0.o
                0x00000464                _start
                0x00000464                _mainCRTStartup
 .text          0x000004d8       0x58 ./Project_Settings/Startup_Code/startup_MK60DZ10.o
                0x000004d8                Reset_Handler
                0x0000052c                Reserved111_IRQHandler
                0x0000052c                DebugMon_Handler
                0x0000052c                I2C0_IRQHandler
                0x0000052c                HardFault_Handler
                0x0000052c                CAN1_ORed_Message_buffer_IRQHandler
                0x0000052c                Reserved60_IRQHandler
                0x0000052c                SysTick_Handler
                0x0000052c                UART3_RX_TX_IRQHandler
                0x0000052c                Reserved114_IRQHandler
                0x0000052c                PendSV_Handler
                0x0000052c                NMI_Handler
                0x0000052c                UART0_RX_TX_IRQHandler
                0x0000052c                I2C1_IRQHandler
                0x0000052c                DMA2_IRQHandler
                0x0000052c                Reserved59_IRQHandler
                0x0000052c                ENET_Error_IRQHandler
                0x0000052c                CAN0_Tx_Warning_IRQHandler
                0x0000052c                PIT0_IRQHandler
                0x0000052c                Reserved119_IRQHandler
                0x0000052c                CAN0_ORed_Message_buffer_IRQHandler
                0x0000052c                Watchdog_IRQHandler
                0x0000052c                CMP2_IRQHandler
                0x0000052c                I2S0_IRQHandler
                0x0000052c                Reserved116_IRQHandler
                0x0000052c                TSI0_IRQHandler
                0x0000052c                ENET_Receive_IRQHandler
                0x0000052c                ENET_1588_Timer_IRQHandler
                0x0000052c                CAN1_Error_IRQHandler
                0x0000052c                UART2_RX_TX_IRQHandler
                0x0000052c                ADC0_IRQHandler
                0x0000052c                UsageFault_Handler
                0x0000052c                CMT_IRQHandler
                0x0000052c                UART4_RX_TX_IRQHandler
                0x0000052c                SPI1_IRQHandler
                0x0000052c                DefaultISR
                0x0000052c                DMA9_IRQHandler
                0x0000052c                DMA14_IRQHandler
                0x0000052c                CMP1_IRQHandler
                0x0000052c                PORTD_IRQHandler
                0x0000052c                PORTB_IRQHandler
                0x0000052c                UART4_ERR_IRQHandler
                0x0000052c                ADC1_IRQHandler
                0x0000052c                PIT2_IRQHandler
                0x0000052c                LPTimer_IRQHandler
                0x0000052c                DMA5_IRQHandler
                0x0000052c                RTC_IRQHandler
                0x0000052c                PDB0_IRQHandler
                0x0000052c                CAN1_Bus_Off_IRQHandler
                0x0000052c                CAN0_Rx_Warning_IRQHandler
                0x0000052c                FTM1_IRQHandler
                0x0000052c                UART5_RX_TX_IRQHandler
                0x0000052c                UART3_ERR_IRQHandler
                0x0000052c                PIT3_IRQHandler
                0x0000052c                SDHC_IRQHandler
                0x0000052c                MCG_IRQHandler
                0x0000052c                Reserved108_IRQHandler
                0x0000052c                Reserved117_IRQHandler
                0x0000052c                Reserved110_IRQHandler
                0x0000052c                UART2_ERR_IRQHandler
                0x0000052c                DMA11_IRQHandler
                0x0000052c                UART5_ERR_IRQHandler
                0x0000052c                Read_Collision_IRQHandler
                0x0000052c                Default_Handler
                0x0000052c                DMA7_IRQHandler
                0x0000052c                Reserved102_IRQHandler
                0x0000052c                ENET_Transmit_IRQHandler
                0x0000052c                USBDCD_IRQHandler
                0x0000052c                CAN1_Tx_Warning_IRQHandler
                0x0000052c                USB0_IRQHandler
                0x0000052c                LLW_IRQHandler
                0x0000052c                SPI2_IRQHandler
                0x0000052c                MemManage_Handler
                0x0000052c                Reserved83_IRQHandler
                0x0000052c                CAN1_Rx_Warning_IRQHandler
                0x0000052c                Reserved115_IRQHandler
                0x0000052c                SVC_Handler
                0x0000052c                CAN1_Wake_Up_IRQHandler
                0x0000052c                Reserved109_IRQHandler
                0x0000052c                DMA13_IRQHandler
                0x0000052c                DMA3_IRQHandler
                0x0000052c                RNG_IRQHandler
                0x0000052c                DMA0_IRQHandler
                0x0000052c                DMA15_IRQHandler
                0x0000052c                DAC0_IRQHandler
                0x0000052c                Reserved118_IRQHandler
                0x0000052c                CAN0_Error_IRQHandler
                0x0000052c                Reserved112_IRQHandler
                0x0000052c                DMA4_IRQHandler
                0x0000052c                PIT1_IRQHandler
                0x0000052c                UART0_ERR_IRQHandler
                0x0000052c                DMA_Error_IRQHandler
                0x0000052c                LVD_LVW_IRQHandler
                0x0000052c                SPI0_IRQHandler
                0x0000052c                FTM0_IRQHandler
                0x0000052c                Reserved51_IRQHandler
                0x0000052c                PORTA_IRQHandler
                0x0000052c                DAC1_IRQHandler
                0x0000052c                MCM_IRQHandler
                0x0000052c                DMA12_IRQHandler
                0x0000052c                FTFL_IRQHandler
                0x0000052c                CAN0_Bus_Off_IRQHandler
                0x0000052c                FTM2_IRQHandler
                0x0000052c                BusFault_Handler
                0x0000052c                DMA8_IRQHandler
                0x0000052c                DMA10_IRQHandler
                0x0000052c                CAN0_Wake_Up_IRQHandler
                0x0000052c                UART1_ERR_IRQHandler
                0x0000052c                UART1_RX_TX_IRQHandler
                0x0000052c                CMP0_IRQHandler
                0x0000052c                Reserved52_IRQHandler
                0x0000052c                PORTC_IRQHandler
                0x0000052c                DMA6_IRQHandler
                0x0000052c                DMA1_IRQHandler
                0x0000052c                Reserved113_IRQHandler
 *(.text*)
 .text.NVIC_EnableIRQ
                0x00000530       0x30 ./Sources/main.o
 .text.NVIC_ClearPendingIRQ
                0x00000560       0x34 ./Sources/main.o
 .text.SystemConfig
                0x00000594      0x10c ./Sources/main.o
                0x00000594                SystemConfig
 .text.delay    0x000006a0       0x3c ./Sources/main.o
                0x000006a0                delay
 .text.column_select
                0x000006dc      0x120 ./Sources/main.o
                0x000006dc                column_select
 .text.letter_D0
                0x000007fc       0x38 ./Sources/main.o
                0x000007fc                letter_D0
 .text.letter_D1
                0x00000834       0xcc ./Sources/main.o
                0x00000834                letter_D1
 .text.letter_D2
                0x00000900       0x6c ./Sources/main.o
                0x00000900                letter_D2
 .text.letter_A0
                0x0000096c       0x54 ./Sources/main.o
                0x0000096c                letter_A0
 .text.letter_A1
                0x000009c0       0xcc ./Sources/main.o
                0x000009c0                letter_A1
 .text.letter_A2
                0x00000a8c       0x54 ./Sources/main.o
                0x00000a8c                letter_A2
 .text.letter_V0
                0x00000ae0       0x54 ./Sources/main.o
                0x00000ae0                letter_V0
 .text.letter_V1
                0x00000b34       0xe4 ./Sources/main.o
                0x00000b34                letter_V1
 .text.letter_V2
                0x00000c18       0x54 ./Sources/main.o
                0x00000c18                letter_V2
 .text.letter_I0
                0x00000c6c       0xcc ./Sources/main.o
                0x00000c6c                letter_I0
 .text.letter_I1
                0x00000d38       0x38 ./Sources/main.o
                0x00000d38                letter_I1
 .text.letter_I2
                0x00000d70       0xcc ./Sources/main.o
                0x00000d70                letter_I2
 .text.letter_N0
                0x00000e3c       0x38 ./Sources/main.o
                0x00000e3c                letter_N0
 .text.letter_N1
                0x00000e74       0xb4 ./Sources/main.o
                0x00000e74                letter_N1
 .text.letter_N2
                0x00000f28       0xb4 ./Sources/main.o
                0x00000f28                letter_N2
 .text.letter_N3
                0x00000fdc       0x38 ./Sources/main.o
                0x00000fdc                letter_N3
 .text.letter_O0
                0x00001014       0x6c ./Sources/main.o
                0x00001014                letter_O0
 .text.letter_O1
                0x00001080       0xcc ./Sources/main.o
                0x00001080                letter_O1
 .text.letter_O2
                0x0000114c       0x6c ./Sources/main.o
                0x0000114c                letter_O2
 .text.letter_K0
                0x000011b8       0x38 ./Sources/main.o
                0x000011b8                letter_K0
 .text.letter_K1
                0x000011f0       0xcc ./Sources/main.o
                0x000011f0                letter_K1
 .text.letter_K2
                0x000012bc       0x6c ./Sources/main.o
                0x000012bc                letter_K2
 .text.PORTE_IRQHandler
                0x00001328       0x54 ./Sources/main.o
                0x00001328                PORTE_IRQHandler
 .text.main     0x0000137c      0x8f4 ./Sources/main.o
                0x0000137c                main
 .text.SystemInit
                0x00001c70       0x90 ./Project_Settings/Startup_Code/system_MK60DZ10.o
                0x00001c70                SystemInit
 .text.exit     0x00001d00       0x28 c:/freescale/kds_3.0.0/toolchain/bin/../lib/gcc/arm-none-eabi/4.8.4/../../../../arm-none-eabi/lib/armv7e-m\libg_s.a(lib_a-exit.o)
                0x00001d00                exit
 .text.__libc_init_array
                0x00001d28       0x4c c:/freescale/kds_3.0.0/toolchain/bin/../lib/gcc/arm-none-eabi/4.8.4/../../../../arm-none-eabi/lib/armv7e-m\libg_s.a(lib_a-init.o)
                0x00001d28                __libc_init_array
 .text.memset   0x00001d74       0x10 c:/freescale/kds_3.0.0/toolchain/bin/../lib/gcc/arm-none-eabi/4.8.4/../../../../arm-none-eabi/lib/armv7e-m\libg_s.a(lib_a-memset.o)
                0x00001d74                memset
 .text._exit    0x00001d84        0x4 c:/freescale/kds_3.0.0/toolchain/bin/../lib/gcc/arm-none-eabi/4.8.4/../../../../arm-none-eabi/lib/armv7e-m\libnosys.a(_exit.o)
                0x00001d84                _exit
 *(.rodata)
 *(.rodata*)
 .rodata.str1.1
                0x00001d88        0x2 c:/freescale/kds_3.0.0/toolchain/bin/../lib/gcc/arm-none-eabi/4.8.4/../../../../arm-none-eabi/lib/armv7e-m\libg_s.a(lib_a-impure.o)
 *fill*         0x00001d8a        0x2 
 .rodata._global_impure_ptr
                0x00001d8c        0x4 c:/freescale/kds_3.0.0/toolchain/bin/../lib/gcc/arm-none-eabi/4.8.4/../../../../arm-none-eabi/lib/armv7e-m\libg_s.a(lib_a-impure.o)
                0x00001d8c                _global_impure_ptr
 *(.glue_7)
 .glue_7        0x00000000        0x0 linker stubs
 *(.glue_7t)
 .glue_7t       0x00000000        0x0 linker stubs
 *(.eh_frame)
 .eh_frame      0x00001d90        0x0 c:/freescale/kds_3.0.0/toolchain/bin/../lib/gcc/arm-none-eabi/4.8.4/armv7e-m/crtbegin.o
 *(.init)
 .init          0x00001d90        0x4 c:/freescale/kds_3.0.0/toolchain/bin/../lib/gcc/arm-none-eabi/4.8.4/armv7e-m/crti.o
                0x00001d90                _init
 .init          0x00001d94        0x8 c:/freescale/kds_3.0.0/toolchain/bin/../lib/gcc/arm-none-eabi/4.8.4/armv7e-m/crtn.o
 *(.fini)
 .fini          0x00001d9c        0x4 c:/freescale/kds_3.0.0/toolchain/bin/../lib/gcc/arm-none-eabi/4.8.4/armv7e-m/crti.o
                0x00001d9c                _fini
 .fini          0x00001da0        0x8 c:/freescale/kds_3.0.0/toolchain/bin/../lib/gcc/arm-none-eabi/4.8.4/armv7e-m/crtn.o
                0x00001da8                . = ALIGN (0x4)

.vfp11_veneer   0x00001da8        0x0
 .vfp11_veneer  0x00000000        0x0 linker stubs

.v4_bx          0x00001da8        0x0
 .v4_bx         0x00000000        0x0 linker stubs

.iplt           0x00001da8        0x0
 .iplt          0x00000000        0x0 c:/freescale/kds_3.0.0/toolchain/bin/../lib/gcc/arm-none-eabi/4.8.4/armv7e-m/crtbegin.o

.ARM.extab
 *(.ARM.extab* .gnu.linkonce.armextab.*)

.ARM            0x00001da8        0x8
                0x00001da8                __exidx_start = .
 *(.ARM.exidx*)
 .ARM.exidx     0x00001da8        0x8 c:/freescale/kds_3.0.0/toolchain/bin/../lib/gcc/arm-none-eabi/4.8.4/../../../../arm-none-eabi/lib/armv7e-m/crt0.o
                0x00001db0                __exidx_end = .

.rel.dyn        0x00001db0        0x0
 .rel.iplt      0x00000000        0x0 c:/freescale/kds_3.0.0/toolchain/bin/../lib/gcc/arm-none-eabi/4.8.4/armv7e-m/crtbegin.o

.ctors          0x00001db0        0x0
                0x00001db0                __CTOR_LIST__ = .
 *crtbegin.o(.ctors)
 *crtbegin?.o(.ctors)
 *(EXCLUDE_FILE(*crtend.o *crtend?.o) .ctors)
 *(SORT(.ctors.*))
 *(.ctors)
                0x00001db0                __CTOR_END__ = .

.dtors          0x00001db0        0x0
                0x00001db0                __DTOR_LIST__ = .
 *crtbegin.o(.dtors)
 *crtbegin?.o(.dtors)
 *(EXCLUDE_FILE(*crtend.o *crtend?.o) .dtors)
 *(SORT(.dtors.*))
 *(.dtors)
                0x00001db0                __DTOR_END__ = .

.preinit_array  0x00001db0        0x0
                0x00001db0                PROVIDE (__preinit_array_start, .)
 *(.preinit_array*)
                0x00001db0                PROVIDE (__preinit_array_end, .)

.init_array     0x00001db0        0x4
                0x00001db0                PROVIDE (__init_array_start, .)
 *(SORT(.init_array.*))
 *(.init_array*)
 .init_array    0x00001db0        0x4 c:/freescale/kds_3.0.0/toolchain/bin/../lib/gcc/arm-none-eabi/4.8.4/armv7e-m/crtbegin.o
                0x00001db4                PROVIDE (__init_array_end, .)

.fini_array     0x00001db4        0x4
                0x00001db4                PROVIDE (__fini_array_start, .)
 *(SORT(.fini_array.*))
 *(.fini_array*)
 .fini_array    0x00001db4        0x4 c:/freescale/kds_3.0.0/toolchain/bin/../lib/gcc/arm-none-eabi/4.8.4/armv7e-m/crtbegin.o
                0x00001db8                PROVIDE (__fini_array_end, .)
                0x00001db8                __etext = .
                0x00001db8                __DATA_ROM = .

.data           0x20000000       0x64 load address 0x00001db8
                0x20000000                . = ALIGN (0x4)
                0x20000000                __DATA_RAM = .
                0x20000000                __data_start__ = .
 *(.data)
 *(.data*)
 .data.impure_data
                0x20000000       0x60 c:/freescale/kds_3.0.0/toolchain/bin/../lib/gcc/arm-none-eabi/4.8.4/../../../../arm-none-eabi/lib/armv7e-m\libg_s.a(lib_a-impure.o)
 *(.jcr*)
 .jcr           0x20000060        0x0 c:/freescale/kds_3.0.0/toolchain/bin/../lib/gcc/arm-none-eabi/4.8.4/armv7e-m/crtbegin.o
 .jcr           0x20000060        0x4 c:/freescale/kds_3.0.0/toolchain/bin/../lib/gcc/arm-none-eabi/4.8.4/armv7e-m/crtend.o
                0x20000064                . = ALIGN (0x4)
                0x20000064                __data_end__ = .
                0x00001e1c                __DATA_END = (__DATA_ROM + (__data_end__ - __data_start__))
                0x00001e1c                __m_data_1FFF0000_ROMStart = (__DATA_ROM + SIZEOF (.data))

.igot.plt       0x20000064        0x0 load address 0x00001e1c
 .igot.plt      0x00000000        0x0 c:/freescale/kds_3.0.0/toolchain/bin/../lib/gcc/arm-none-eabi/4.8.4/armv7e-m/crtbegin.o

.m_data_1FFF0000
                0x1fff0000        0x0 load address 0x00001e1c
                0x1fff0000                . = ALIGN (0x4)
                0x1fff0000                __m_data_1FFF0000_RAMStart = .
 *(.m_data_1FFF0000)
                0x1fff0000                __m_data_1FFF0000_RAMEnd = .
                0x1fff0000                . = ALIGN (0x4)
                0x00000000                __m_data_1FFF0000_ROMSize = (__m_data_1FFF0000_RAMEnd - __m_data_1FFF0000_RAMStart)

.bss            0x20000064       0x20 load address 0x00001e1c
                0x20000064                . = ALIGN (0x4)
                0x20000064                __START_BSS = .
                0x20000064                __bss_start__ = .
 *(.bss)
 .bss           0x20000064       0x1c c:/freescale/kds_3.0.0/toolchain/bin/../lib/gcc/arm-none-eabi/4.8.4/armv7e-m/crtbegin.o
 *(.bss*)
 .bss.msg       0x20000080        0x4 ./Sources/main.o
                0x20000080                msg
 *(COMMON)
                0x20000084                . = ALIGN (0x4)
                0x20000084                __bss_end__ = .
                0x20000084                __END_BSS = .

.heap           0x20000084      0x404 load address 0x00001e3c
                0x20000088                . = ALIGN (0x8)
 *fill*         0x20000084        0x4 
                0x20000088                __end__ = .
                0x20000088                PROVIDE (end, .)
                0x20000088                __HeapBase = .
                0x20000488                . = (. + HEAP_SIZE)
 *fill*         0x20000088      0x400 
                0x20000488                __HeapLimit = .

.stack          0x20000488      0x400 load address 0x00002240
                0x20000488                . = ALIGN (0x8)
                0x20000888                . = (. + STACK_SIZE)
 *fill*         0x20000488      0x400 
                0x20000888                __StackTop = .
                0x20000488                __StackLimit = (__StackTop - STACK_SIZE)
                0x20000888                PROVIDE (__stack, __StackTop)

.ARM.attributes
                0x00000000       0x2a
 *(.ARM.attributes)
 .ARM.attributes
                0x00000000       0x1e c:/freescale/kds_3.0.0/toolchain/bin/../lib/gcc/arm-none-eabi/4.8.4/armv7e-m/crti.o
 .ARM.attributes
                0x0000001e       0x2e c:/freescale/kds_3.0.0/toolchain/bin/../lib/gcc/arm-none-eabi/4.8.4/armv7e-m/crtbegin.o
 .ARM.attributes
                0x0000004c       0x1c c:/freescale/kds_3.0.0/toolchain/bin/../lib/gcc/arm-none-eabi/4.8.4/../../../../arm-none-eabi/lib/armv7e-m/crt0.o
 .ARM.attributes
                0x00000068       0x33 ./Sources/main.o
 .ARM.attributes
                0x0000009b       0x1b ./Project_Settings/Startup_Code/startup_MK60DZ10.o
 .ARM.attributes
                0x000000b6       0x33 ./Project_Settings/Startup_Code/system_MK60DZ10.o
 .ARM.attributes
                0x000000e9       0x2e c:/freescale/kds_3.0.0/toolchain/bin/../lib/gcc/arm-none-eabi/4.8.4/../../../../arm-none-eabi/lib/armv7e-m\libg_s.a(lib_a-exit.o)
 .ARM.attributes
                0x00000117       0x2e c:/freescale/kds_3.0.0/toolchain/bin/../lib/gcc/arm-none-eabi/4.8.4/../../../../arm-none-eabi/lib/armv7e-m\libg_s.a(lib_a-impure.o)
 .ARM.attributes
                0x00000145       0x2e c:/freescale/kds_3.0.0/toolchain/bin/../lib/gcc/arm-none-eabi/4.8.4/../../../../arm-none-eabi/lib/armv7e-m\libg_s.a(lib_a-init.o)
 .ARM.attributes
                0x00000173       0x2e c:/freescale/kds_3.0.0/toolchain/bin/../lib/gcc/arm-none-eabi/4.8.4/../../../../arm-none-eabi/lib/armv7e-m\libg_s.a(lib_a-memset.o)
 .ARM.attributes
                0x000001a1       0x2e c:/freescale/kds_3.0.0/toolchain/bin/../lib/gcc/arm-none-eabi/4.8.4/../../../../arm-none-eabi/lib/armv7e-m\libnosys.a(_exit.o)
 .ARM.attributes
                0x000001cf       0x2e c:/freescale/kds_3.0.0/toolchain/bin/../lib/gcc/arm-none-eabi/4.8.4/armv7e-m/crtend.o
 .ARM.attributes
                0x000001fd       0x1e c:/freescale/kds_3.0.0/toolchain/bin/../lib/gcc/arm-none-eabi/4.8.4/armv7e-m/crtn.o
OUTPUT(imp.elf elf32-littlearm)

.debug_info     0x00000000     0x1226
 .debug_info    0x00000000      0xd55 ./Sources/main.o
 .debug_info    0x00000d55       0x71 ./Project_Settings/Startup_Code/startup_MK60DZ10.o
 .debug_info    0x00000dc6      0x460 ./Project_Settings/Startup_Code/system_MK60DZ10.o

.debug_abbrev   0x00000000      0x35b
 .debug_abbrev  0x00000000      0x22d ./Sources/main.o
 .debug_abbrev  0x0000022d       0x14 ./Project_Settings/Startup_Code/startup_MK60DZ10.o
 .debug_abbrev  0x00000241      0x11a ./Project_Settings/Startup_Code/system_MK60DZ10.o

.debug_aranges  0x00000000      0x150
 .debug_aranges
                0x00000000      0x108 ./Sources/main.o
 .debug_aranges
                0x00000108       0x20 ./Project_Settings/Startup_Code/startup_MK60DZ10.o
 .debug_aranges
                0x00000128       0x28 ./Project_Settings/Startup_Code/system_MK60DZ10.o

.debug_ranges   0x00000000      0x110
 .debug_ranges  0x00000000       0xf8 ./Sources/main.o
 .debug_ranges  0x000000f8       0x18 ./Project_Settings/Startup_Code/system_MK60DZ10.o

.debug_macro    0x00000000    0x2368c
 .debug_macro   0x00000000       0xb1 ./Sources/main.o
 .debug_macro   0x000000b1      0x84a ./Sources/main.o
 .debug_macro   0x000008fb       0x16 ./Sources/main.o
 .debug_macro   0x00000911       0x16 ./Sources/main.o
 .debug_macro   0x00000927       0x44 ./Sources/main.o
 .debug_macro   0x0000096b      0x209 ./Sources/main.o
 .debug_macro   0x00000b74       0x53 ./Sources/main.o
 .debug_macro   0x00000bc7       0x3b ./Sources/main.o
 .debug_macro   0x00000c02       0x2d ./Sources/main.o
 .debug_macro   0x00000c2f       0x26 ./Sources/main.o
 .debug_macro   0x00000c55      0xa99 ./Sources/main.o
 .debug_macro   0x000016ee       0x71 ./Sources/main.o
 .debug_macro   0x0000175f    0x17cf8 ./Sources/main.o
 .debug_macro   0x00019457       0xb3 ./Project_Settings/Startup_Code/system_MK60DZ10.o
 .debug_macro   0x0001950a       0x3f ./Project_Settings/Startup_Code/system_MK60DZ10.o
 .debug_macro   0x00019549     0xa143 ./Project_Settings/Startup_Code/system_MK60DZ10.o

.debug_line     0x00000000      0xa7c
 .debug_line    0x00000000      0x785 ./Sources/main.o
 .debug_line    0x00000785       0x88 ./Project_Settings/Startup_Code/startup_MK60DZ10.o
 .debug_line    0x0000080d      0x26f ./Project_Settings/Startup_Code/system_MK60DZ10.o

.debug_str      0x00000000    0x96545
 .debug_str     0x00000000    0x90b67 ./Sources/main.o
                              0x90d03 (size before relaxing)
 .debug_str     0x00090b67     0x59de ./Project_Settings/Startup_Code/system_MK60DZ10.o
                              0x388cd (size before relaxing)

.comment        0x00000000       0x70
 .comment       0x00000000       0x70 ./Sources/main.o
                                 0x71 (size before relaxing)
 .comment       0x00000000       0x71 ./Project_Settings/Startup_Code/system_MK60DZ10.o

.debug_frame    0x00000000      0x48c
 .debug_frame   0x00000000      0x3b4 ./Sources/main.o
 .debug_frame   0x000003b4       0x44 ./Project_Settings/Startup_Code/system_MK60DZ10.o
 .debug_frame   0x000003f8       0x28 c:/freescale/kds_3.0.0/toolchain/bin/../lib/gcc/arm-none-eabi/4.8.4/../../../../arm-none-eabi/lib/armv7e-m\libg_s.a(lib_a-exit.o)
 .debug_frame   0x00000420       0x2c c:/freescale/kds_3.0.0/toolchain/bin/../lib/gcc/arm-none-eabi/4.8.4/../../../../arm-none-eabi/lib/armv7e-m\libg_s.a(lib_a-init.o)
 .debug_frame   0x0000044c       0x20 c:/freescale/kds_3.0.0/toolchain/bin/../lib/gcc/arm-none-eabi/4.8.4/../../../../arm-none-eabi/lib/armv7e-m\libg_s.a(lib_a-memset.o)
 .debug_frame   0x0000046c       0x20 c:/freescale/kds_3.0.0/toolchain/bin/../lib/gcc/arm-none-eabi/4.8.4/../../../../arm-none-eabi/lib/armv7e-m\libnosys.a(_exit.o)
